// Jest Snapshot v1, https://goo.gl/fbAQLP

exports[`DatePicker Block renders correctly 1`] = `
<div
  className="react-datepicker-wrapper"
>
  <div
    className="react-datepicker__input-container"
  >
    <div
      className="sc-ftvSup laBHLg"
      disabled={false}
      onBlur={[Function]}
      onChange={[Function]}
      onClick={[Function]}
      onFocus={[Function]}
      onKeyDown={[Function]}
      readOnly={false}
      value=""
    >
      <div
        onClick={[Function]}
      >
        <div
          className="sc-dkzDqf fSUJtn"
        >
          <input
            className="sc-kDDrLX emimmX"
            onChange={[Function]}
            type="type"
          />
          <label
            className="sc-jqUVSM dsSNWu"
          >
            Select Date
          </label>
        </div>
      </div>
    </div>
  </div>
</div>
`;
